[1m[31m[40m[7m ERROR [27m[49m[39m[22m [1m[31mSyncError: A timeout was reached (5000ms)[39m[22m [2mat 1970-01-01 00:00:00[22m        User ID:     [1m100[22m        Node ID:     [1m100:550e8400-e29b-41d4-a716-446655440000[22m        Subprotocol: [1m1.0.0[22m        IP address:  [1m127.0.0.1[22m

