
[1m[32m[40m[7m INFO [27m[49m[39m[22m [90m1970-01-01 00:00:00[39m [1mClient was connected[22m
       IP address: [1m127.0.0.1[22m
