
[1m[32m[40m[7m INFO [27m[49m[39m[22m [90m1970-01-01 00:00:00[39m [1mShutting down Logux server[22m
