
[1m[32m[40m[7m INFO [27m[49m[39m[22m  [1m[32mClient was disconnected[39m[22m [2mat 1970-01-01 00:00:00[22m
        User ID:    [37munauthenticated[39m
        Node ID:    [37munknown[39m
        IP address: [37m127.0.0.1[39m
