[1m[32m[40m[7m INFO [27m[49m[39m[22m  [1m[32mLogux server is listening[39m[22m [2mat 1970-01-01 00:00:00[22m        Logux server: [1m0.0.0[22m        PID:          [1m21384[22m        Node ID:      [1mserver:H1f8LAyzl[22m        Environment:  [1mdevelopment[22m        Subprotocol:  [1m1.0.0[22m        Supports:     [1m1.x[22m        Listen:       [1mCustom HTTP server[22m        [90mPress Ctrl-C to shutdown server[39m

