
[1m[32m[40m[7m INFO [27m[49m[39m[22m [90m1970-01-01 00:00:00[39m [1mLogux server is listening[22m
       Logux Server: [1m0.0.0[22m
       Server name:  [1mserver[22m
       Environment:  [1mdevelopment[22m
       Subprotocol:  [1m2.5[22m
       Supports:     [1m2.x, 1.x[22m
       Listen:       [1mws://127.0.0.1:1337[22m
       [90mPress Ctrl-C to shutdown server[39m
