
 INFO  1970-01-01 00:00:00 Logux server is listening
       Logux Server: 0.0.0
       Server name:  server
       Environment:  test
       Subprotocol:  1.0
       Supports:     1.x
       Listen:       ws://127.0.0.1:1337
