
 INFO   Shutting down Logux server at 1970-01-01 00:00:00
