exports[`test handle EACCESS error 1`] = `
"[1m[31m[40m[7m ERROR [27m[49m[39m[22m [1m[31mYou are not allowed to run server on this port[39m[22m [2mat 1970-01-01 00:00:00[22m
        Try to change user (e.g. root) or use port >= 1024

"
`;

exports[`test handle EADDRINUSE error 1`] = `
"[1m[31m[40m[7m ERROR [27m[49m[39m[22m [1m[31mPort :1337 already in use[39m[22m [2mat 1970-01-01 00:00:00[22m
        Another Logux server or other app already running on this port
        Maybe you didnâ€™t not stop server from other project
        or previous version of this server was not killed.

"
`;

exports[`test handle error in production 1`] = `
" ERROR  You are not allowed to run server on this port at 1970-01-01 00:00:00
        Try to change user (e.g. root) or use port >= 1024

"
`;

exports[`test handle thorw on undefined error 1`] = `"resource temporarily unavailable"`;
